// Vitest Snapshot v1, https://vitest.dev/guide/snapshot.html

exports[`different parse error can be printed with context 1`] = `
"test $pc _ 0
         ^
Parse error at line 3, column 10: Expected comparison, got _"
`;

exports[`parse error can be printed with context 1`] = `
"test $peek > 0
     ^
Parse error at line 2, column 6: Expected named register, got $peek"
`;

exports[`parse throws on bad syntax 1`] = `[ParseError: Parse error at line 3, column 1: First token must be a statement type; got scan]`;

exports[`parse works 1`] = `
{
  "codeLines": [
    "def start",
    "echo hello world",
    "test $pd > 0",
    "",
    "def loopdeloop",
    "echo again 1",
    "echo again 2",
    "go loopdeloop",
    "",
    "def moveover",
    "go f",
    "go start",
    "",
  ],
  "statements": [
    {
      "start": {
        "column": 0,
        "line": 0,
      },
      "tokens": [
        {
          "start": {
            "column": 0,
            "line": 0,
          },
          "symbol": "def",
        },
        {
          "start": {
            "column": 4,
            "line": 0,
          },
          "symbol": "start",
        },
      ],
      "type": "def",
    },
    {
      "start": {
        "column": 0,
        "line": 1,
      },
      "tokens": [
        {
          "start": {
            "column": 0,
            "line": 1,
          },
          "symbol": "echo",
        },
        {
          "start": {
            "column": 5,
            "line": 1,
          },
          "symbol": "hello",
        },
        {
          "start": {
            "column": 11,
            "line": 1,
          },
          "symbol": "world",
        },
      ],
      "type": "echo",
    },
    {
      "start": {
        "column": 0,
        "line": 2,
      },
      "tokens": [
        {
          "start": {
            "column": 0,
            "line": 2,
          },
          "symbol": "test",
        },
        {
          "start": {
            "column": 5,
            "line": 2,
          },
          "symbol": "$pd",
        },
        {
          "start": {
            "column": 9,
            "line": 2,
          },
          "symbol": ">",
        },
        {
          "start": {
            "column": 11,
            "line": 2,
          },
          "symbol": "0",
        },
      ],
      "type": "test",
    },
    {
      "start": {
        "column": 0,
        "line": 4,
      },
      "tokens": [
        {
          "start": {
            "column": 0,
            "line": 4,
          },
          "symbol": "def",
        },
        {
          "start": {
            "column": 4,
            "line": 4,
          },
          "symbol": "loopdeloop",
        },
      ],
      "type": "def",
    },
    {
      "start": {
        "column": 0,
        "line": 5,
      },
      "tokens": [
        {
          "start": {
            "column": 0,
            "line": 5,
          },
          "symbol": "echo",
        },
        {
          "start": {
            "column": 5,
            "line": 5,
          },
          "symbol": "again",
        },
        {
          "start": {
            "column": 11,
            "line": 5,
          },
          "symbol": "1",
        },
      ],
      "type": "echo",
    },
    {
      "start": {
        "column": 0,
        "line": 6,
      },
      "tokens": [
        {
          "start": {
            "column": 0,
            "line": 6,
          },
          "symbol": "echo",
        },
        {
          "start": {
            "column": 5,
            "line": 6,
          },
          "symbol": "again",
        },
        {
          "start": {
            "column": 11,
            "line": 6,
          },
          "symbol": "2",
        },
      ],
      "type": "echo",
    },
    {
      "start": {
        "column": 0,
        "line": 7,
      },
      "tokens": [
        {
          "start": {
            "column": 0,
            "line": 7,
          },
          "symbol": "go",
        },
        {
          "start": {
            "column": 3,
            "line": 7,
          },
          "symbol": "loopdeloop",
        },
      ],
      "type": "go",
    },
    {
      "start": {
        "column": 0,
        "line": 9,
      },
      "tokens": [
        {
          "start": {
            "column": 0,
            "line": 9,
          },
          "symbol": "def",
        },
        {
          "start": {
            "column": 4,
            "line": 9,
          },
          "symbol": "moveover",
        },
      ],
      "type": "def",
    },
    {
      "start": {
        "column": 0,
        "line": 10,
      },
      "tokens": [
        {
          "start": {
            "column": 0,
            "line": 10,
          },
          "symbol": "go",
        },
        {
          "start": {
            "column": 3,
            "line": 10,
          },
          "symbol": "f",
        },
      ],
      "type": "go",
    },
    {
      "start": {
        "column": 0,
        "line": 11,
      },
      "tokens": [
        {
          "start": {
            "column": 0,
            "line": 11,
          },
          "symbol": "go",
        },
        {
          "start": {
            "column": 3,
            "line": 11,
          },
          "symbol": "start",
        },
      ],
      "type": "go",
    },
  ],
}
`;
